preferences_dialog.c: In function ‘get_control_values_to_highlight’:
preferences_dialog.c:695: warning: cast to pointer from integer of different size
tab.c: In function ‘tab_validate_buffer_and_insert’:
tab.c:322: warning: format ‘%d’ expects type ‘int’, but argument 2 has type ‘gsize’
tab.c: In function ‘editor_find_from_help’:
tab.c:1165: warning: cast to pointer from integer of different size
tab.c: In function ‘auto_complete_callback’:
tab.c:1498: warning: cast from pointer to integer of different size
tab.c: In function ‘css_auto_complete_callback’:
tab.c:1516: warning: cast from pointer to integer of different size
tab.c: In function ‘sql_auto_complete_callback’:
tab.c:1534: warning: cast from pointer to integer of different size
tab.c: In function ‘auto_memberfunc_complete_callback’:
tab.c:1552: warning: cast from pointer to integer of different size
tab.c: In function ‘calltip_callback’:
tab.c:1567: warning: cast from pointer to integer of different size
tab.c: In function ‘char_added’:
tab.c:1715: warning: cast to pointer from integer of different size
tab.c:1725: warning: cast to pointer from integer of different size
tab.c:1750: warning: cast to pointer from integer of different size
tab.c:1751: warning: cast to pointer from integer of different size
tab.c:1752: warning: cast to pointer from integer of different size
../src/Document.cxx: In member function ‘long int Document::FindText(int, int, const char*, bool, bool, bool, bool, bool, int*)’:
../src/Document.cxx:1129: warning: suggest parentheses around && within ||
../src/Document.cxx:1130: warning: suggest parentheses around && within ||
../src/Document.cxx:1145: warning: suggest parentheses around && within ||
../src/Document.cxx:1146: warning: suggest parentheses around && within ||
ScintillaGTK.cxx:312: warning: deprecated conversion from string constant to ‘gchar*’
ScintillaGTK.cxx:312: warning: deprecated conversion from string constant to ‘gchar*’
ScintillaGTK.cxx:312: warning: deprecated conversion from string constant to ‘gchar*’
ScintillaGTK.cxx: In member function ‘virtual void ScintillaGTK::StartDrag()’:
ScintillaGTK.cxx:792: warning: deprecated conversion from string constant to ‘gchar*’
ScintillaGTK.cxx:792: warning: deprecated conversion from string constant to ‘gchar*’
../src/RESearch.cxx: In member function ‘const char* RESearch::Compile(const char*, int, bool, bool)’:
../src/RESearch.cxx:309: warning: suggest explicit braces to avoid ambiguous ‘else’
../src/RESearch.cxx: In member function ‘int RESearch::PMatch(CharacterIndexer&, int, int, char*)’:
../src/RESearch.cxx:685: warning: suggest parentheses around && within ||
../src/LexFortran.cxx: In function ‘void ColouriseFortranDoc(unsigned int, int, int, WordList**, Accessor&, bool)’:
../src/LexFortran.cxx:81: warning: suggest parentheses around && within ||
../src/LexFortran.cxx: In function ‘int classifyFoldPointFortran(const char*, const char*, char)’:
../src/LexFortran.cxx:242: warning: suggest parentheses around && within ||
../src/LexInno.cxx: In function ‘void FoldInnoDoc(unsigned int, int, int, WordList**, Accessor&)’:
../src/LexInno.cxx:287: warning: suggest parentheses around arithmetic in operand of |
../src/LexNsis.cxx: In function ‘int calculateFoldNsis(unsigned int, unsigned int, int, Accessor&, bool, bool)’:
../src/LexNsis.cxx:144: warning: deprecated conversion from string constant to ‘char*’
../src/LexNsis.cxx:144: warning: deprecated conversion from string constant to ‘char*’
../src/LexNsis.cxx:144: warning: deprecated conversion from string constant to ‘char*’
../src/LexNsis.cxx:146: warning: deprecated conversion from string constant to ‘char*’
../src/LexNsis.cxx:146: warning: deprecated conversion from string constant to ‘char*’
../src/LexNsis.cxx:148: warning: deprecated conversion from string constant to ‘char*’
../src/LexNsis.cxx:153: warning: deprecated conversion from string constant to ‘char*’
../src/LexNsis.cxx:153: warning: deprecated conversion from string constant to ‘char*’
../src/LexNsis.cxx:153: warning: deprecated conversion from string constant to ‘char*’
../src/LexNsis.cxx:153: warning: deprecated conversion from string constant to ‘char*’
../src/LexNsis.cxx:153: warning: deprecated conversion from string constant to ‘char*’
../src/LexNsis.cxx:155: warning: deprecated conversion from string constant to ‘char*’
../src/LexNsis.cxx:155: warning: deprecated conversion from string constant to ‘char*’
../src/LexNsis.cxx:155: warning: deprecated conversion from string constant to ‘char*’
../src/LexNsis.cxx:155: warning: deprecated conversion from string constant to ‘char*’
../src/LexNsis.cxx:155: warning: deprecated conversion from string constant to ‘char*’
../src/LexNsis.cxx: In function ‘int classifyWordNsis(unsigned int, unsigned int, WordList**, Accessor&)’:
../src/LexNsis.cxx:189: warning: deprecated conversion from string constant to ‘char*’
../src/LexNsis.cxx:189: warning: deprecated conversion from string constant to ‘char*’
../src/LexNsis.cxx:192: warning: deprecated conversion from string constant to ‘char*’
../src/LexNsis.cxx:192: warning: deprecated conversion from string constant to ‘char*’
../src/LexNsis.cxx:192: warning: deprecated conversion from string constant to ‘char*’
../src/LexNsis.cxx:195: warning: deprecated conversion from string constant to ‘char*’
../src/LexNsis.cxx:198: warning: deprecated conversion from string constant to ‘char*’
../src/LexNsis.cxx:198: warning: deprecated conversion from string constant to ‘char*’
../src/LexNsis.cxx:201: warning: deprecated conversion from string constant to ‘char*’
../src/LexNsis.cxx:201: warning: deprecated conversion from string constant to ‘char*’
../src/LexNsis.cxx:204: warning: deprecated conversion from string constant to ‘char*’
../src/LexNsis.cxx:204: warning: deprecated conversion from string constant to ‘char*’
../src/LexNsis.cxx:207: warning: deprecated conversion from string constant to ‘char*’
../src/LexNsis.cxx:207: warning: deprecated conversion from string constant to ‘char*’
../src/LexNsis.cxx:210: warning: deprecated conversion from string constant to ‘char*’
../src/LexNsis.cxx:210: warning: deprecated conversion from string constant to ‘char*’
../src/LexOthers.cxx: In function ‘void FoldPropsDoc(unsigned int, int, int, WordList**, Accessor&)’:
../src/LexOthers.cxx:709: warning: suggest parentheses around arithmetic in operand of |
../src/LexPython.cxx: In function ‘void ColourisePyDoc(unsigned int, int, int, WordList**, Accessor&)’:
../src/LexPython.cxx:268: warning: suggest parentheses around && within ||
../src/LexRuby.cxx: In function ‘void ColouriseRbDoc(unsigned int, int, int, WordList**, Accessor&)’:
../src/LexRuby.cxx:708: warning: suggest parentheses around && within ||
../src/LexTADS3.cxx: In function ‘bool IsStringTransition(int, int)’:
../src/LexTADS3.cxx:619: warning: suggest parentheses around && within ||
../src/LexVerilog.cxx: In function ‘void FoldNoBoxVerilogDoc(unsigned int, int, int, Accessor&)’:
../src/LexVerilog.cxx:246: warning: suggest parentheses around && within ||
../src/LexVerilog.cxx:256: warning: suggest parentheses around && within ||
../src/LexVerilog.cxx:257: warning: suggest parentheses around && within ||
ar: creating libgtkscintilla2.a
